isElectronBuild false
[Electron Module] Skipping electron module setup: BUILD_TARGET is not electron
Browserslist: browsers data (caniuse-lite) is 7 months old. Please run:
  npx update-browserslist-db@latest
  Why you should do it regularly: https://github.com/browserslist/update-db#readme

 RUN  v3.2.4 /home/autobyteus/workspace/autobyteus-workspace/autobyteus-web

stderr | services/agentStreaming/handlers/__tests__/toolLifecycleHandler.spec.ts
Warning: KaTeX doesn't work in quirks mode. Make sure your website has a suitable doctype.

stderr | components/workspace/history/__tests__/HistoricalTeamLazyHydration.integration.spec.ts
Warning: KaTeX doesn't work in quirks mode. Make sure your website has a suitable doctype.

stderr | services/runHydration/__tests__/runProjectionConversation.spec.ts
Warning: KaTeX doesn't work in quirks mode. Make sure your website has a suitable doctype.

stderr | services/agentStreaming/__tests__/recentEventMonitorProductionDispatch.spec.ts
Warning: KaTeX doesn't work in quirks mode. Make sure your website has a suitable doctype.

stderr | components/progress/__tests__/ActivityFeed.spec.ts
Warning: KaTeX doesn't work in quirks mode. Make sure your website has a suitable doctype.

stdout | components/workspace/history/__tests__/HistoricalTeamLazyHydration.integration.spec.ts
serverStore: Initializing server config
serverStore: Not in Electron environment. Skipping server initialization.

stdout | services/runHydration/__tests__/runProjectionConversation.spec.ts
serverStore: Initializing server config
serverStore: Not in Electron environment. Skipping server initialization.

stdout | components/progress/__tests__/ActivityFeed.spec.ts
serverStore: Initializing server config
serverStore: Not in Electron environment. Skipping server initialization.

stdout | services/agentStreaming/__tests__/recentEventMonitorProductionDispatch.spec.ts
serverStore: Initializing server config
serverStore: Not in Electron environment. Skipping server initialization.

stdout | services/agentStreaming/handlers/__tests__/toolLifecycleHandler.spec.ts
serverStore: Initializing server config
serverStore: Not in Electron environment. Skipping server initialization.

 ✓ services/runHydration/__tests__/runProjectionConversation.spec.ts (10 tests) 9ms
stderr | services/agentStreaming/handlers/__tests__/toolLifecycleHandler.spec.ts > toolLifecycleHandler > drops malformed denied payload without state mutation
[toolLifecycleHandler] Dropping malformed TOOL_DENIED payload {
  invocation_id: 'tool-4',
  tool_name: 'delete_file',
  reason: null,
  error: null
}

 ✓ services/agentStreaming/handlers/__tests__/toolLifecycleHandler.spec.ts (12 tests) 15ms
 ✓ components/progress/__tests__/ActivityFeed.spec.ts (4 tests) 29ms
 ✓ components/workspace/history/__tests__/HistoricalTeamLazyHydration.integration.spec.ts (1 test) 109ms
 ✓ services/agentStreaming/__tests__/recentEventMonitorProductionDispatch.spec.ts (9 tests) 919ms
   ✓ recent Event Monitor production dispatch coverage > keeps standalone center and Activity state bounded and duplicate-free after 1,001 mixed live messages  386ms
   ✓ recent Event Monitor production dispatch coverage > keeps team-member center and Activity state bounded and duplicate-free after 1,001 mixed live messages  317ms

 Test Files  5 passed (5)
      Tests  36 passed (36)
   Start at  05:48:10
   Duration  13.18s (transform 6.39s, setup 49.15s, collect 1.79s, tests 1.08s, environment 5.22s, prepare 2.69s)
