isElectronBuild false
[Electron Module] Skipping electron module setup: BUILD_TARGET is not electron
Browserslist: browsers data (caniuse-lite) is 7 months old. Please run:
  npx update-browserslist-db@latest
  Why you should do it regularly: https://github.com/browserslist/update-db#readme

 RUN  v3.2.4 /home/autobyteus/workspace/autobyteus-workspace/autobyteus-web

stderr | components/progress/__tests__/ToolActivityItem.spec.ts
Warning: KaTeX doesn't work in quirks mode. Make sure your website has a suitable doctype.

stderr | components/conversation/__tests__/ToolCallIndicator.spec.ts
Warning: KaTeX doesn't work in quirks mode. Make sure your website has a suitable doctype.

stderr | services/eventMonitor/__tests__/eventMonitorActiveTraceBrowsePresentation.spec.ts
Warning: KaTeX doesn't work in quirks mode. Make sure your website has a suitable doctype.

stderr | utils/__tests__/toolCardPresentation.spec.ts
Warning: KaTeX doesn't work in quirks mode. Make sure your website has a suitable doctype.

stderr | services/agentStreaming/handlers/__tests__/toolLifecycleHandler.spec.ts
Warning: KaTeX doesn't work in quirks mode. Make sure your website has a suitable doctype.

stderr | services/eventMonitor/__tests__/recentEventMonitorPresentationWitness.spec.ts
Warning: KaTeX doesn't work in quirks mode. Make sure your website has a suitable doctype.

stdout | components/progress/__tests__/ToolActivityItem.spec.ts
serverStore: Initializing server config
serverStore: Not in Electron environment. Skipping server initialization.

stdout | services/eventMonitor/__tests__/recentEventMonitorPresentationWitness.spec.ts
serverStore: Initializing server config
serverStore: Not in Electron environment. Skipping server initialization.

stdout | services/eventMonitor/__tests__/eventMonitorActiveTraceBrowsePresentation.spec.ts
serverStore: Initializing server config
serverStore: Not in Electron environment. Skipping server initialization.

stdout | components/conversation/__tests__/ToolCallIndicator.spec.ts
serverStore: Initializing server config
serverStore: Not in Electron environment. Skipping server initialization.

stdout | utils/__tests__/toolCardPresentation.spec.ts
serverStore: Initializing server config
serverStore: Not in Electron environment. Skipping server initialization.

stdout | services/agentStreaming/handlers/__tests__/toolLifecycleHandler.spec.ts
serverStore: Initializing server config
serverStore: Not in Electron environment. Skipping server initialization.

 ✓ utils/__tests__/toolCardPresentation.spec.ts (4 tests) 5ms
 ✓ services/eventMonitor/__tests__/eventMonitorActiveTraceBrowsePresentation.spec.ts (5 tests) 7ms
stderr | services/agentStreaming/handlers/__tests__/toolLifecycleHandler.spec.ts > toolLifecycleHandler > drops malformed denied payload without state mutation
[toolLifecycleHandler] Dropping malformed TOOL_DENIED payload {
  invocation_id: 'tool-4',
  tool_name: 'delete_file',
  reason: null,
  error: null
}

 ✓ services/agentStreaming/handlers/__tests__/toolLifecycleHandler.spec.ts (12 tests) 17ms
 ✓ services/eventMonitor/__tests__/recentEventMonitorPresentationWitness.spec.ts (34 tests) 11ms
 ✓ components/conversation/__tests__/ToolCallIndicator.spec.ts (13 tests) 50ms
 ✓ components/progress/__tests__/ToolActivityItem.spec.ts (4 tests) 39ms

 Test Files  6 passed (6)
      Tests  72 passed (72)
   Start at  05:44:13
   Duration  13.09s (transform 5.88s, setup 64.93s, collect 569ms, tests 129ms, environment 7.15s, prepare 2.98s)
