== DR-001 docs sync and handoff checks ==
2026-09-02T06:08:07Z
$ git diff --check
PASS
$ canonical architecture progressive-disclosure assertions
PASS: canonical architecture describes compact center and default-collapsed Activity Error.
$ required delivery artifacts
PASS: tickets/in-progress/compact-center-tool-error-presentation/docs-sync-report.md
PASS: tickets/in-progress/compact-center-tool-error-presentation/handoff-summary.md
PASS: tickets/in-progress/compact-center-tool-error-presentation/release-notes.md
PASS: tickets/in-progress/compact-center-tool-error-presentation/release-deployment-report.md
PASS: tickets/in-progress/compact-center-tool-error-presentation/delivery-revision-record.md
$ git status --short --branch
## requirements/compact-center-tool-error-presentation...origin/requirements/compact-center-tool-error-presentation [ahead 2]
 M autobyteus-web/docs/agent_execution_architecture.md
?? tickets/in-progress/compact-center-tool-error-presentation/delivery-evidence/
?? tickets/in-progress/compact-center-tool-error-presentation/delivery-revision-record.md
?? tickets/in-progress/compact-center-tool-error-presentation/docs-sync-report.md
?? tickets/in-progress/compact-center-tool-error-presentation/handoff-summary.md
?? tickets/in-progress/compact-center-tool-error-presentation/release-deployment-report.md
?? tickets/in-progress/compact-center-tool-error-presentation/release-notes.md
