=== 2026-09-02T06:18:22Z ===
33598210915	Release Messaging Gateway	in_progress		https://github.com/AutoByteus/autobyteus-workspace/actions/runs/33598210915
33598210893	Desktop Release	in_progress		https://github.com/AutoByteus/autobyteus-workspace/actions/runs/33598210893
33598210875	Server Docker Release	in_progress		https://github.com/AutoByteus/autobyteus-workspace/actions/runs/33598210875
33598210850	Android APK Release	in_progress		https://github.com/AutoByteus/autobyteus-workspace/actions/runs/33598210850
33598210842	iOS App Store Connect Release	in_progress		https://github.com/AutoByteus/autobyteus-workspace/actions/runs/33598210842
Pending workflows: 5
=== 2026-09-02T06:18:55Z ===
33598210915	Release Messaging Gateway	in_progress		https://github.com/AutoByteus/autobyteus-workspace/actions/runs/33598210915
33598210893	Desktop Release	in_progress		https://github.com/AutoByteus/autobyteus-workspace/actions/runs/33598210893
33598210875	Server Docker Release	in_progress		https://github.com/AutoByteus/autobyteus-workspace/actions/runs/33598210875
33598210850	Android APK Release	in_progress		https://github.com/AutoByteus/autobyteus-workspace/actions/runs/33598210850
33598210842	iOS App Store Connect Release	in_progress		https://github.com/AutoByteus/autobyteus-workspace/actions/runs/33598210842
Pending workflows: 5
=== 2026-09-02T06:19:27Z ===
33598210915	Release Messaging Gateway	in_progress		https://github.com/AutoByteus/autobyteus-workspace/actions/runs/33598210915
33598210893	Desktop Release	in_progress		https://github.com/AutoByteus/autobyteus-workspace/actions/runs/33598210893
33598210875	Server Docker Release	in_progress		https://github.com/AutoByteus/autobyteus-workspace/actions/runs/33598210875
33598210850	Android APK Release	in_progress		https://github.com/AutoByteus/autobyteus-workspace/actions/runs/33598210850
33598210842	iOS App Store Connect Release	in_progress		https://github.com/AutoByteus/autobyteus-workspace/actions/runs/33598210842
Pending workflows: 5
=== 2026-09-02T06:19:59Z ===
33598210915	Release Messaging Gateway	queued		https://github.com/AutoByteus/autobyteus-workspace/actions/runs/33598210915
33598210893	Desktop Release	in_progress		https://github.com/AutoByteus/autobyteus-workspace/actions/runs/33598210893
33598210875	Server Docker Release	in_progress		https://github.com/AutoByteus/autobyteus-workspace/actions/runs/33598210875
33598210850	Android APK Release	in_progress		https://github.com/AutoByteus/autobyteus-workspace/actions/runs/33598210850
33598210842	iOS App Store Connect Release	in_progress		https://github.com/AutoByteus/autobyteus-workspace/actions/runs/33598210842
Pending workflows: 5
=== 2026-09-02T06:20:32Z ===
33598210915	Release Messaging Gateway	in_progress		https://github.com/AutoByteus/autobyteus-workspace/actions/runs/33598210915
33598210893	Desktop Release	in_progress		https://github.com/AutoByteus/autobyteus-workspace/actions/runs/33598210893
33598210875	Server Docker Release	in_progress		https://github.com/AutoByteus/autobyteus-workspace/actions/runs/33598210875
33598210850	Android APK Release	in_progress		https://github.com/AutoByteus/autobyteus-workspace/actions/runs/33598210850
33598210842	iOS App Store Connect Release	in_progress		https://github.com/AutoByteus/autobyteus-workspace/actions/runs/33598210842
Pending workflows: 5
=== 2026-09-02T06:21:05Z ===
33598210915	Release Messaging Gateway	completed	success	https://github.com/AutoByteus/autobyteus-workspace/actions/runs/33598210915
33598210893	Desktop Release	in_progress		https://github.com/AutoByteus/autobyteus-workspace/actions/runs/33598210893
33598210875	Server Docker Release	in_progress		https://github.com/AutoByteus/autobyteus-workspace/actions/runs/33598210875
33598210850	Android APK Release	in_progress		https://github.com/AutoByteus/autobyteus-workspace/actions/runs/33598210850
33598210842	iOS App Store Connect Release	in_progress		https://github.com/AutoByteus/autobyteus-workspace/actions/runs/33598210842
Pending workflows: 4
=== 2026-09-02T06:21:37Z ===
33598210915	Release Messaging Gateway	completed	success	https://github.com/AutoByteus/autobyteus-workspace/actions/runs/33598210915
33598210893	Desktop Release	in_progress		https://github.com/AutoByteus/autobyteus-workspace/actions/runs/33598210893
33598210875	Server Docker Release	in_progress		https://github.com/AutoByteus/autobyteus-workspace/actions/runs/33598210875
33598210850	Android APK Release	completed	success	https://github.com/AutoByteus/autobyteus-workspace/actions/runs/33598210850
33598210842	iOS App Store Connect Release	in_progress		https://github.com/AutoByteus/autobyteus-workspace/actions/runs/33598210842
Pending workflows: 3
=== 2026-09-02T06:22:10Z ===
33598210915	Release Messaging Gateway	completed	success	https://github.com/AutoByteus/autobyteus-workspace/actions/runs/33598210915
33598210893	Desktop Release	in_progress		https://github.com/AutoByteus/autobyteus-workspace/actions/runs/33598210893
33598210875	Server Docker Release	in_progress		https://github.com/AutoByteus/autobyteus-workspace/actions/runs/33598210875
33598210850	Android APK Release	completed	success	https://github.com/AutoByteus/autobyteus-workspace/actions/runs/33598210850
33598210842	iOS App Store Connect Release	in_progress		https://github.com/AutoByteus/autobyteus-workspace/actions/runs/33598210842
Pending workflows: 3
=== 2026-09-02T06:22:42Z ===
33598210915	Release Messaging Gateway	completed	success	https://github.com/AutoByteus/autobyteus-workspace/actions/runs/33598210915
33598210893	Desktop Release	in_progress		https://github.com/AutoByteus/autobyteus-workspace/actions/runs/33598210893
33598210875	Server Docker Release	in_progress		https://github.com/AutoByteus/autobyteus-workspace/actions/runs/33598210875
33598210850	Android APK Release	completed	success	https://github.com/AutoByteus/autobyteus-workspace/actions/runs/33598210850
33598210842	iOS App Store Connect Release	in_progress		https://github.com/AutoByteus/autobyteus-workspace/actions/runs/33598210842
Pending workflows: 3
=== 2026-09-02T06:23:15Z ===
33598210915	Release Messaging Gateway	completed	success	https://github.com/AutoByteus/autobyteus-workspace/actions/runs/33598210915
33598210893	Desktop Release	in_progress		https://github.com/AutoByteus/autobyteus-workspace/actions/runs/33598210893
33598210875	Server Docker Release	in_progress		https://github.com/AutoByteus/autobyteus-workspace/actions/runs/33598210875
33598210850	Android APK Release	completed	success	https://github.com/AutoByteus/autobyteus-workspace/actions/runs/33598210850
33598210842	iOS App Store Connect Release	in_progress		https://github.com/AutoByteus/autobyteus-workspace/actions/runs/33598210842
Pending workflows: 3
=== 2026-09-02T06:23:47Z ===
33598210915	Release Messaging Gateway	completed	success	https://github.com/AutoByteus/autobyteus-workspace/actions/runs/33598210915
33598210893	Desktop Release	in_progress		https://github.com/AutoByteus/autobyteus-workspace/actions/runs/33598210893
33598210875	Server Docker Release	in_progress		https://github.com/AutoByteus/autobyteus-workspace/actions/runs/33598210875
33598210850	Android APK Release	completed	success	https://github.com/AutoByteus/autobyteus-workspace/actions/runs/33598210850
33598210842	iOS App Store Connect Release	in_progress		https://github.com/AutoByteus/autobyteus-workspace/actions/runs/33598210842
Pending workflows: 3
=== 2026-09-02T06:24:20Z ===
33598210915	Release Messaging Gateway	completed	success	https://github.com/AutoByteus/autobyteus-workspace/actions/runs/33598210915
33598210893	Desktop Release	in_progress		https://github.com/AutoByteus/autobyteus-workspace/actions/runs/33598210893
33598210875	Server Docker Release	in_progress		https://github.com/AutoByteus/autobyteus-workspace/actions/runs/33598210875
33598210850	Android APK Release	completed	success	https://github.com/AutoByteus/autobyteus-workspace/actions/runs/33598210850
33598210842	iOS App Store Connect Release	in_progress		https://github.com/AutoByteus/autobyteus-workspace/actions/runs/33598210842
Pending workflows: 3
=== 2026-09-02T06:24:52Z ===
33598210915	Release Messaging Gateway	completed	success	https://github.com/AutoByteus/autobyteus-workspace/actions/runs/33598210915
33598210893	Desktop Release	in_progress		https://github.com/AutoByteus/autobyteus-workspace/actions/runs/33598210893
33598210875	Server Docker Release	in_progress		https://github.com/AutoByteus/autobyteus-workspace/actions/runs/33598210875
33598210850	Android APK Release	completed	success	https://github.com/AutoByteus/autobyteus-workspace/actions/runs/33598210850
33598210842	iOS App Store Connect Release	in_progress		https://github.com/AutoByteus/autobyteus-workspace/actions/runs/33598210842
Pending workflows: 3
=== 2026-09-02T06:25:25Z ===
33598210915	Release Messaging Gateway	completed	success	https://github.com/AutoByteus/autobyteus-workspace/actions/runs/33598210915
33598210893	Desktop Release	in_progress		https://github.com/AutoByteus/autobyteus-workspace/actions/runs/33598210893
33598210875	Server Docker Release	in_progress		https://github.com/AutoByteus/autobyteus-workspace/actions/runs/33598210875
33598210850	Android APK Release	completed	success	https://github.com/AutoByteus/autobyteus-workspace/actions/runs/33598210850
33598210842	iOS App Store Connect Release	in_progress		https://github.com/AutoByteus/autobyteus-workspace/actions/runs/33598210842
Pending workflows: 3
=== 2026-09-02T06:25:57Z ===
33598210915	Release Messaging Gateway	completed	success	https://github.com/AutoByteus/autobyteus-workspace/actions/runs/33598210915
33598210893	Desktop Release	in_progress		https://github.com/AutoByteus/autobyteus-workspace/actions/runs/33598210893
33598210875	Server Docker Release	in_progress		https://github.com/AutoByteus/autobyteus-workspace/actions/runs/33598210875
33598210850	Android APK Release	completed	success	https://github.com/AutoByteus/autobyteus-workspace/actions/runs/33598210850
33598210842	iOS App Store Connect Release	queued		https://github.com/AutoByteus/autobyteus-workspace/actions/runs/33598210842
Pending workflows: 3
=== 2026-09-02T06:26:30Z ===
33598210915	Release Messaging Gateway	completed	success	https://github.com/AutoByteus/autobyteus-workspace/actions/runs/33598210915
33598210893	Desktop Release	in_progress		https://github.com/AutoByteus/autobyteus-workspace/actions/runs/33598210893
33598210875	Server Docker Release	in_progress		https://github.com/AutoByteus/autobyteus-workspace/actions/runs/33598210875
33598210850	Android APK Release	completed	success	https://github.com/AutoByteus/autobyteus-workspace/actions/runs/33598210850
33598210842	iOS App Store Connect Release	in_progress		https://github.com/AutoByteus/autobyteus-workspace/actions/runs/33598210842
Pending workflows: 3
=== 2026-09-02T06:27:02Z ===
33598210915	Release Messaging Gateway	completed	success	https://github.com/AutoByteus/autobyteus-workspace/actions/runs/33598210915
33598210893	Desktop Release	in_progress		https://github.com/AutoByteus/autobyteus-workspace/actions/runs/33598210893
33598210875	Server Docker Release	in_progress		https://github.com/AutoByteus/autobyteus-workspace/actions/runs/33598210875
33598210850	Android APK Release	completed	success	https://github.com/AutoByteus/autobyteus-workspace/actions/runs/33598210850
33598210842	iOS App Store Connect Release	in_progress		https://github.com/AutoByteus/autobyteus-workspace/actions/runs/33598210842
Pending workflows: 3
=== 2026-09-02T06:27:34Z ===
33598210915	Release Messaging Gateway	completed	success	https://github.com/AutoByteus/autobyteus-workspace/actions/runs/33598210915
33598210893	Desktop Release	in_progress		https://github.com/AutoByteus/autobyteus-workspace/actions/runs/33598210893
33598210875	Server Docker Release	in_progress		https://github.com/AutoByteus/autobyteus-workspace/actions/runs/33598210875
33598210850	Android APK Release	completed	success	https://github.com/AutoByteus/autobyteus-workspace/actions/runs/33598210850
33598210842	iOS App Store Connect Release	in_progress		https://github.com/AutoByteus/autobyteus-workspace/actions/runs/33598210842
Pending workflows: 3
=== 2026-09-02T06:28:07Z ===
33598210915	Release Messaging Gateway	completed	success	https://github.com/AutoByteus/autobyteus-workspace/actions/runs/33598210915
33598210893	Desktop Release	in_progress		https://github.com/AutoByteus/autobyteus-workspace/actions/runs/33598210893
33598210875	Server Docker Release	in_progress		https://github.com/AutoByteus/autobyteus-workspace/actions/runs/33598210875
33598210850	Android APK Release	completed	success	https://github.com/AutoByteus/autobyteus-workspace/actions/runs/33598210850
33598210842	iOS App Store Connect Release	completed	success	https://github.com/AutoByteus/autobyteus-workspace/actions/runs/33598210842
Pending workflows: 2
=== 2026-09-02T06:28:39Z ===
33598210915	Release Messaging Gateway	completed	success	https://github.com/AutoByteus/autobyteus-workspace/actions/runs/33598210915
33598210893	Desktop Release	in_progress		https://github.com/AutoByteus/autobyteus-workspace/actions/runs/33598210893
33598210875	Server Docker Release	in_progress		https://github.com/AutoByteus/autobyteus-workspace/actions/runs/33598210875
33598210850	Android APK Release	completed	success	https://github.com/AutoByteus/autobyteus-workspace/actions/runs/33598210850
33598210842	iOS App Store Connect Release	completed	success	https://github.com/AutoByteus/autobyteus-workspace/actions/runs/33598210842
Pending workflows: 2
=== 2026-09-02T06:29:12Z ===
33598210915	Release Messaging Gateway	completed	success	https://github.com/AutoByteus/autobyteus-workspace/actions/runs/33598210915
33598210893	Desktop Release	in_progress		https://github.com/AutoByteus/autobyteus-workspace/actions/runs/33598210893
33598210875	Server Docker Release	in_progress		https://github.com/AutoByteus/autobyteus-workspace/actions/runs/33598210875
33598210850	Android APK Release	completed	success	https://github.com/AutoByteus/autobyteus-workspace/actions/runs/33598210850
33598210842	iOS App Store Connect Release	completed	success	https://github.com/AutoByteus/autobyteus-workspace/actions/runs/33598210842
Pending workflows: 2
=== 2026-09-02T06:29:44Z ===
33598210915	Release Messaging Gateway	completed	success	https://github.com/AutoByteus/autobyteus-workspace/actions/runs/33598210915
33598210893	Desktop Release	in_progress		https://github.com/AutoByteus/autobyteus-workspace/actions/runs/33598210893
33598210875	Server Docker Release	in_progress		https://github.com/AutoByteus/autobyteus-workspace/actions/runs/33598210875
33598210850	Android APK Release	completed	success	https://github.com/AutoByteus/autobyteus-workspace/actions/runs/33598210850
33598210842	iOS App Store Connect Release	completed	success	https://github.com/AutoByteus/autobyteus-workspace/actions/runs/33598210842
Pending workflows: 2
=== 2026-09-02T06:30:17Z ===
33598210915	Release Messaging Gateway	completed	success	https://github.com/AutoByteus/autobyteus-workspace/actions/runs/33598210915
33598210893	Desktop Release	in_progress		https://github.com/AutoByteus/autobyteus-workspace/actions/runs/33598210893
33598210875	Server Docker Release	in_progress		https://github.com/AutoByteus/autobyteus-workspace/actions/runs/33598210875
33598210850	Android APK Release	completed	success	https://github.com/AutoByteus/autobyteus-workspace/actions/runs/33598210850
33598210842	iOS App Store Connect Release	completed	success	https://github.com/AutoByteus/autobyteus-workspace/actions/runs/33598210842
Pending workflows: 2
=== 2026-09-02T06:30:49Z ===
33598210915	Release Messaging Gateway	completed	success	https://github.com/AutoByteus/autobyteus-workspace/actions/runs/33598210915
33598210893	Desktop Release	in_progress		https://github.com/AutoByteus/autobyteus-workspace/actions/runs/33598210893
33598210875	Server Docker Release	in_progress		https://github.com/AutoByteus/autobyteus-workspace/actions/runs/33598210875
33598210850	Android APK Release	completed	success	https://github.com/AutoByteus/autobyteus-workspace/actions/runs/33598210850
33598210842	iOS App Store Connect Release	completed	success	https://github.com/AutoByteus/autobyteus-workspace/actions/runs/33598210842
Pending workflows: 2
=== 2026-09-02T06:31:21Z ===
33598210915	Release Messaging Gateway	completed	success	https://github.com/AutoByteus/autobyteus-workspace/actions/runs/33598210915
33598210893	Desktop Release	in_progress		https://github.com/AutoByteus/autobyteus-workspace/actions/runs/33598210893
33598210875	Server Docker Release	in_progress		https://github.com/AutoByteus/autobyteus-workspace/actions/runs/33598210875
33598210850	Android APK Release	completed	success	https://github.com/AutoByteus/autobyteus-workspace/actions/runs/33598210850
33598210842	iOS App Store Connect Release	completed	success	https://github.com/AutoByteus/autobyteus-workspace/actions/runs/33598210842
Pending workflows: 2
=== 2026-09-02T06:31:54Z ===
33598210915	Release Messaging Gateway	completed	success	https://github.com/AutoByteus/autobyteus-workspace/actions/runs/33598210915
33598210893	Desktop Release	in_progress		https://github.com/AutoByteus/autobyteus-workspace/actions/runs/33598210893
33598210875	Server Docker Release	in_progress		https://github.com/AutoByteus/autobyteus-workspace/actions/runs/33598210875
33598210850	Android APK Release	completed	success	https://github.com/AutoByteus/autobyteus-workspace/actions/runs/33598210850
33598210842	iOS App Store Connect Release	completed	success	https://github.com/AutoByteus/autobyteus-workspace/actions/runs/33598210842
Pending workflows: 2
=== 2026-09-02T06:32:26Z ===
33598210915	Release Messaging Gateway	completed	success	https://github.com/AutoByteus/autobyteus-workspace/actions/runs/33598210915
33598210893	Desktop Release	in_progress		https://github.com/AutoByteus/autobyteus-workspace/actions/runs/33598210893
33598210875	Server Docker Release	in_progress		https://github.com/AutoByteus/autobyteus-workspace/actions/runs/33598210875
33598210850	Android APK Release	completed	success	https://github.com/AutoByteus/autobyteus-workspace/actions/runs/33598210850
33598210842	iOS App Store Connect Release	completed	success	https://github.com/AutoByteus/autobyteus-workspace/actions/runs/33598210842
Pending workflows: 2
=== 2026-09-02T06:32:58Z ===
33598210915	Release Messaging Gateway	completed	success	https://github.com/AutoByteus/autobyteus-workspace/actions/runs/33598210915
33598210893	Desktop Release	in_progress		https://github.com/AutoByteus/autobyteus-workspace/actions/runs/33598210893
33598210875	Server Docker Release	in_progress		https://github.com/AutoByteus/autobyteus-workspace/actions/runs/33598210875
33598210850	Android APK Release	completed	success	https://github.com/AutoByteus/autobyteus-workspace/actions/runs/33598210850
33598210842	iOS App Store Connect Release	completed	success	https://github.com/AutoByteus/autobyteus-workspace/actions/runs/33598210842
Pending workflows: 2
=== 2026-09-02T06:33:31Z ===
33598210915	Release Messaging Gateway	completed	success	https://github.com/AutoByteus/autobyteus-workspace/actions/runs/33598210915
33598210893	Desktop Release	in_progress		https://github.com/AutoByteus/autobyteus-workspace/actions/runs/33598210893
33598210875	Server Docker Release	in_progress		https://github.com/AutoByteus/autobyteus-workspace/actions/runs/33598210875
33598210850	Android APK Release	completed	success	https://github.com/AutoByteus/autobyteus-workspace/actions/runs/33598210850
33598210842	iOS App Store Connect Release	completed	success	https://github.com/AutoByteus/autobyteus-workspace/actions/runs/33598210842
Pending workflows: 2
=== 2026-09-02T06:34:03Z ===
33598210915	Release Messaging Gateway	completed	success	https://github.com/AutoByteus/autobyteus-workspace/actions/runs/33598210915
33598210893	Desktop Release	in_progress		https://github.com/AutoByteus/autobyteus-workspace/actions/runs/33598210893
33598210875	Server Docker Release	in_progress		https://github.com/AutoByteus/autobyteus-workspace/actions/runs/33598210875
33598210850	Android APK Release	completed	success	https://github.com/AutoByteus/autobyteus-workspace/actions/runs/33598210850
33598210842	iOS App Store Connect Release	completed	success	https://github.com/AutoByteus/autobyteus-workspace/actions/runs/33598210842
Pending workflows: 2
=== 2026-09-02T06:34:35Z ===
33598210915	Release Messaging Gateway	completed	success	https://github.com/AutoByteus/autobyteus-workspace/actions/runs/33598210915
33598210893	Desktop Release	in_progress		https://github.com/AutoByteus/autobyteus-workspace/actions/runs/33598210893
33598210875	Server Docker Release	in_progress		https://github.com/AutoByteus/autobyteus-workspace/actions/runs/33598210875
33598210850	Android APK Release	completed	success	https://github.com/AutoByteus/autobyteus-workspace/actions/runs/33598210850
33598210842	iOS App Store Connect Release	completed	success	https://github.com/AutoByteus/autobyteus-workspace/actions/runs/33598210842
Pending workflows: 2
=== 2026-09-02T06:35:08Z ===
33598210915	Release Messaging Gateway	completed	success	https://github.com/AutoByteus/autobyteus-workspace/actions/runs/33598210915
33598210893	Desktop Release	in_progress		https://github.com/AutoByteus/autobyteus-workspace/actions/runs/33598210893
33598210875	Server Docker Release	in_progress		https://github.com/AutoByteus/autobyteus-workspace/actions/runs/33598210875
33598210850	Android APK Release	completed	success	https://github.com/AutoByteus/autobyteus-workspace/actions/runs/33598210850
33598210842	iOS App Store Connect Release	completed	success	https://github.com/AutoByteus/autobyteus-workspace/actions/runs/33598210842
Pending workflows: 2
=== 2026-09-02T06:35:40Z ===
33598210915	Release Messaging Gateway	completed	success	https://github.com/AutoByteus/autobyteus-workspace/actions/runs/33598210915
33598210893	Desktop Release	in_progress		https://github.com/AutoByteus/autobyteus-workspace/actions/runs/33598210893
33598210875	Server Docker Release	in_progress		https://github.com/AutoByteus/autobyteus-workspace/actions/runs/33598210875
33598210850	Android APK Release	completed	success	https://github.com/AutoByteus/autobyteus-workspace/actions/runs/33598210850
33598210842	iOS App Store Connect Release	completed	success	https://github.com/AutoByteus/autobyteus-workspace/actions/runs/33598210842
Pending workflows: 2
=== 2026-09-02T06:36:12Z ===
33598210915	Release Messaging Gateway	completed	success	https://github.com/AutoByteus/autobyteus-workspace/actions/runs/33598210915
33598210893	Desktop Release	in_progress		https://github.com/AutoByteus/autobyteus-workspace/actions/runs/33598210893
33598210875	Server Docker Release	in_progress		https://github.com/AutoByteus/autobyteus-workspace/actions/runs/33598210875
33598210850	Android APK Release	completed	success	https://github.com/AutoByteus/autobyteus-workspace/actions/runs/33598210850
33598210842	iOS App Store Connect Release	completed	success	https://github.com/AutoByteus/autobyteus-workspace/actions/runs/33598210842
Pending workflows: 2
=== 2026-09-02T06:36:45Z ===
33598210915	Release Messaging Gateway	completed	success	https://github.com/AutoByteus/autobyteus-workspace/actions/runs/33598210915
33598210893	Desktop Release	in_progress		https://github.com/AutoByteus/autobyteus-workspace/actions/runs/33598210893
33598210875	Server Docker Release	in_progress		https://github.com/AutoByteus/autobyteus-workspace/actions/runs/33598210875
33598210850	Android APK Release	completed	success	https://github.com/AutoByteus/autobyteus-workspace/actions/runs/33598210850
33598210842	iOS App Store Connect Release	completed	success	https://github.com/AutoByteus/autobyteus-workspace/actions/runs/33598210842
Pending workflows: 2
=== 2026-09-02T06:37:17Z ===
33598210915	Release Messaging Gateway	completed	success	https://github.com/AutoByteus/autobyteus-workspace/actions/runs/33598210915
33598210893	Desktop Release	in_progress		https://github.com/AutoByteus/autobyteus-workspace/actions/runs/33598210893
33598210875	Server Docker Release	in_progress		https://github.com/AutoByteus/autobyteus-workspace/actions/runs/33598210875
33598210850	Android APK Release	completed	success	https://github.com/AutoByteus/autobyteus-workspace/actions/runs/33598210850
33598210842	iOS App Store Connect Release	completed	success	https://github.com/AutoByteus/autobyteus-workspace/actions/runs/33598210842
Pending workflows: 2
=== 2026-09-02T06:37:50Z ===
33598210915	Release Messaging Gateway	completed	success	https://github.com/AutoByteus/autobyteus-workspace/actions/runs/33598210915
33598210893	Desktop Release	completed	success	https://github.com/AutoByteus/autobyteus-workspace/actions/runs/33598210893
33598210875	Server Docker Release	in_progress		https://github.com/AutoByteus/autobyteus-workspace/actions/runs/33598210875
33598210850	Android APK Release	completed	success	https://github.com/AutoByteus/autobyteus-workspace/actions/runs/33598210850
33598210842	iOS App Store Connect Release	completed	success	https://github.com/AutoByteus/autobyteus-workspace/actions/runs/33598210842
Pending workflows: 1
=== 2026-09-02T06:38:22Z ===
33598210915	Release Messaging Gateway	completed	success	https://github.com/AutoByteus/autobyteus-workspace/actions/runs/33598210915
33598210893	Desktop Release	completed	success	https://github.com/AutoByteus/autobyteus-workspace/actions/runs/33598210893
33598210875	Server Docker Release	in_progress		https://github.com/AutoByteus/autobyteus-workspace/actions/runs/33598210875
33598210850	Android APK Release	completed	success	https://github.com/AutoByteus/autobyteus-workspace/actions/runs/33598210850
33598210842	iOS App Store Connect Release	completed	success	https://github.com/AutoByteus/autobyteus-workspace/actions/runs/33598210842
Pending workflows: 1
=== 2026-09-02T06:38:54Z ===
33598210915	Release Messaging Gateway	completed	success	https://github.com/AutoByteus/autobyteus-workspace/actions/runs/33598210915
33598210893	Desktop Release	completed	success	https://github.com/AutoByteus/autobyteus-workspace/actions/runs/33598210893
33598210875	Server Docker Release	in_progress		https://github.com/AutoByteus/autobyteus-workspace/actions/runs/33598210875
33598210850	Android APK Release	completed	success	https://github.com/AutoByteus/autobyteus-workspace/actions/runs/33598210850
33598210842	iOS App Store Connect Release	completed	success	https://github.com/AutoByteus/autobyteus-workspace/actions/runs/33598210842
Pending workflows: 1
=== 2026-09-02T06:39:26Z ===
33598210915	Release Messaging Gateway	completed	success	https://github.com/AutoByteus/autobyteus-workspace/actions/runs/33598210915
33598210893	Desktop Release	completed	success	https://github.com/AutoByteus/autobyteus-workspace/actions/runs/33598210893
33598210875	Server Docker Release	in_progress		https://github.com/AutoByteus/autobyteus-workspace/actions/runs/33598210875
33598210850	Android APK Release	completed	success	https://github.com/AutoByteus/autobyteus-workspace/actions/runs/33598210850
33598210842	iOS App Store Connect Release	completed	success	https://github.com/AutoByteus/autobyteus-workspace/actions/runs/33598210842
Pending workflows: 1
=== 2026-09-02T06:39:59Z ===
33598210915	Release Messaging Gateway	completed	success	https://github.com/AutoByteus/autobyteus-workspace/actions/runs/33598210915
33598210893	Desktop Release	completed	success	https://github.com/AutoByteus/autobyteus-workspace/actions/runs/33598210893
33598210875	Server Docker Release	in_progress		https://github.com/AutoByteus/autobyteus-workspace/actions/runs/33598210875
33598210850	Android APK Release	completed	success	https://github.com/AutoByteus/autobyteus-workspace/actions/runs/33598210850
33598210842	iOS App Store Connect Release	completed	success	https://github.com/AutoByteus/autobyteus-workspace/actions/runs/33598210842
Pending workflows: 1
=== 2026-09-02T06:40:31Z ===
33598210915	Release Messaging Gateway	completed	success	https://github.com/AutoByteus/autobyteus-workspace/actions/runs/33598210915
33598210893	Desktop Release	completed	success	https://github.com/AutoByteus/autobyteus-workspace/actions/runs/33598210893
33598210875	Server Docker Release	in_progress		https://github.com/AutoByteus/autobyteus-workspace/actions/runs/33598210875
33598210850	Android APK Release	completed	success	https://github.com/AutoByteus/autobyteus-workspace/actions/runs/33598210850
33598210842	iOS App Store Connect Release	completed	success	https://github.com/AutoByteus/autobyteus-workspace/actions/runs/33598210842
Pending workflows: 1
=== 2026-09-02T06:41:04Z ===
33598210915	Release Messaging Gateway	completed	success	https://github.com/AutoByteus/autobyteus-workspace/actions/runs/33598210915
33598210893	Desktop Release	completed	success	https://github.com/AutoByteus/autobyteus-workspace/actions/runs/33598210893
33598210875	Server Docker Release	in_progress		https://github.com/AutoByteus/autobyteus-workspace/actions/runs/33598210875
33598210850	Android APK Release	completed	success	https://github.com/AutoByteus/autobyteus-workspace/actions/runs/33598210850
33598210842	iOS App Store Connect Release	completed	success	https://github.com/AutoByteus/autobyteus-workspace/actions/runs/33598210842
Pending workflows: 1
=== 2026-09-02T06:41:36Z ===
33598210915	Release Messaging Gateway	completed	success	https://github.com/AutoByteus/autobyteus-workspace/actions/runs/33598210915
33598210893	Desktop Release	completed	success	https://github.com/AutoByteus/autobyteus-workspace/actions/runs/33598210893
33598210875	Server Docker Release	in_progress		https://github.com/AutoByteus/autobyteus-workspace/actions/runs/33598210875
33598210850	Android APK Release	completed	success	https://github.com/AutoByteus/autobyteus-workspace/actions/runs/33598210850
33598210842	iOS App Store Connect Release	completed	success	https://github.com/AutoByteus/autobyteus-workspace/actions/runs/33598210842
Pending workflows: 1
=== 2026-09-02T06:42:08Z ===
33598210915	Release Messaging Gateway	completed	success	https://github.com/AutoByteus/autobyteus-workspace/actions/runs/33598210915
33598210893	Desktop Release	completed	success	https://github.com/AutoByteus/autobyteus-workspace/actions/runs/33598210893
33598210875	Server Docker Release	in_progress		https://github.com/AutoByteus/autobyteus-workspace/actions/runs/33598210875
33598210850	Android APK Release	completed	success	https://github.com/AutoByteus/autobyteus-workspace/actions/runs/33598210850
33598210842	iOS App Store Connect Release	completed	success	https://github.com/AutoByteus/autobyteus-workspace/actions/runs/33598210842
Pending workflows: 1
=== 2026-09-02T06:42:41Z ===
33598210915	Release Messaging Gateway	completed	success	https://github.com/AutoByteus/autobyteus-workspace/actions/runs/33598210915
33598210893	Desktop Release	completed	success	https://github.com/AutoByteus/autobyteus-workspace/actions/runs/33598210893
33598210875	Server Docker Release	in_progress		https://github.com/AutoByteus/autobyteus-workspace/actions/runs/33598210875
33598210850	Android APK Release	completed	success	https://github.com/AutoByteus/autobyteus-workspace/actions/runs/33598210850
33598210842	iOS App Store Connect Release	completed	success	https://github.com/AutoByteus/autobyteus-workspace/actions/runs/33598210842
Pending workflows: 1
=== 2026-09-02T06:43:13Z ===
33598210915	Release Messaging Gateway	completed	success	https://github.com/AutoByteus/autobyteus-workspace/actions/runs/33598210915
33598210893	Desktop Release	completed	success	https://github.com/AutoByteus/autobyteus-workspace/actions/runs/33598210893
33598210875	Server Docker Release	in_progress		https://github.com/AutoByteus/autobyteus-workspace/actions/runs/33598210875
33598210850	Android APK Release	completed	success	https://github.com/AutoByteus/autobyteus-workspace/actions/runs/33598210850
33598210842	iOS App Store Connect Release	completed	success	https://github.com/AutoByteus/autobyteus-workspace/actions/runs/33598210842
Pending workflows: 1
=== 2026-09-02T06:43:45Z ===
33598210915	Release Messaging Gateway	completed	success	https://github.com/AutoByteus/autobyteus-workspace/actions/runs/33598210915
33598210893	Desktop Release	completed	success	https://github.com/AutoByteus/autobyteus-workspace/actions/runs/33598210893
33598210875	Server Docker Release	in_progress		https://github.com/AutoByteus/autobyteus-workspace/actions/runs/33598210875
33598210850	Android APK Release	completed	success	https://github.com/AutoByteus/autobyteus-workspace/actions/runs/33598210850
33598210842	iOS App Store Connect Release	completed	success	https://github.com/AutoByteus/autobyteus-workspace/actions/runs/33598210842
Pending workflows: 1
=== 2026-09-02T06:44:17Z ===
33598210915	Release Messaging Gateway	completed	success	https://github.com/AutoByteus/autobyteus-workspace/actions/runs/33598210915
33598210893	Desktop Release	completed	success	https://github.com/AutoByteus/autobyteus-workspace/actions/runs/33598210893
33598210875	Server Docker Release	in_progress		https://github.com/AutoByteus/autobyteus-workspace/actions/runs/33598210875
33598210850	Android APK Release	completed	success	https://github.com/AutoByteus/autobyteus-workspace/actions/runs/33598210850
33598210842	iOS App Store Connect Release	completed	success	https://github.com/AutoByteus/autobyteus-workspace/actions/runs/33598210842
Pending workflows: 1
=== 2026-09-02T06:44:50Z ===
33598210915	Release Messaging Gateway	completed	success	https://github.com/AutoByteus/autobyteus-workspace/actions/runs/33598210915
33598210893	Desktop Release	completed	success	https://github.com/AutoByteus/autobyteus-workspace/actions/runs/33598210893
33598210875	Server Docker Release	in_progress		https://github.com/AutoByteus/autobyteus-workspace/actions/runs/33598210875
33598210850	Android APK Release	completed	success	https://github.com/AutoByteus/autobyteus-workspace/actions/runs/33598210850
33598210842	iOS App Store Connect Release	completed	success	https://github.com/AutoByteus/autobyteus-workspace/actions/runs/33598210842
Pending workflows: 1
=== 2026-09-02T06:45:22Z ===
33598210915	Release Messaging Gateway	completed	success	https://github.com/AutoByteus/autobyteus-workspace/actions/runs/33598210915
33598210893	Desktop Release	completed	success	https://github.com/AutoByteus/autobyteus-workspace/actions/runs/33598210893
33598210875	Server Docker Release	in_progress		https://github.com/AutoByteus/autobyteus-workspace/actions/runs/33598210875
33598210850	Android APK Release	completed	success	https://github.com/AutoByteus/autobyteus-workspace/actions/runs/33598210850
33598210842	iOS App Store Connect Release	completed	success	https://github.com/AutoByteus/autobyteus-workspace/actions/runs/33598210842
Pending workflows: 1
=== 2026-09-02T06:45:54Z ===
33598210915	Release Messaging Gateway	completed	success	https://github.com/AutoByteus/autobyteus-workspace/actions/runs/33598210915
33598210893	Desktop Release	completed	success	https://github.com/AutoByteus/autobyteus-workspace/actions/runs/33598210893
33598210875	Server Docker Release	in_progress		https://github.com/AutoByteus/autobyteus-workspace/actions/runs/33598210875
33598210850	Android APK Release	completed	success	https://github.com/AutoByteus/autobyteus-workspace/actions/runs/33598210850
33598210842	iOS App Store Connect Release	completed	success	https://github.com/AutoByteus/autobyteus-workspace/actions/runs/33598210842
Pending workflows: 1
=== 2026-09-02T06:46:26Z ===
33598210915	Release Messaging Gateway	completed	success	https://github.com/AutoByteus/autobyteus-workspace/actions/runs/33598210915
33598210893	Desktop Release	completed	success	https://github.com/AutoByteus/autobyteus-workspace/actions/runs/33598210893
33598210875	Server Docker Release	in_progress		https://github.com/AutoByteus/autobyteus-workspace/actions/runs/33598210875
33598210850	Android APK Release	completed	success	https://github.com/AutoByteus/autobyteus-workspace/actions/runs/33598210850
33598210842	iOS App Store Connect Release	completed	success	https://github.com/AutoByteus/autobyteus-workspace/actions/runs/33598210842
Pending workflows: 1
=== 2026-09-02T06:46:59Z ===
33598210915	Release Messaging Gateway	completed	success	https://github.com/AutoByteus/autobyteus-workspace/actions/runs/33598210915
33598210893	Desktop Release	completed	success	https://github.com/AutoByteus/autobyteus-workspace/actions/runs/33598210893
33598210875	Server Docker Release	in_progress		https://github.com/AutoByteus/autobyteus-workspace/actions/runs/33598210875
33598210850	Android APK Release	completed	success	https://github.com/AutoByteus/autobyteus-workspace/actions/runs/33598210850
33598210842	iOS App Store Connect Release	completed	success	https://github.com/AutoByteus/autobyteus-workspace/actions/runs/33598210842
Pending workflows: 1
=== 2026-09-02T06:47:31Z ===
33598210915	Release Messaging Gateway	completed	success	https://github.com/AutoByteus/autobyteus-workspace/actions/runs/33598210915
33598210893	Desktop Release	completed	success	https://github.com/AutoByteus/autobyteus-workspace/actions/runs/33598210893
33598210875	Server Docker Release	in_progress		https://github.com/AutoByteus/autobyteus-workspace/actions/runs/33598210875
33598210850	Android APK Release	completed	success	https://github.com/AutoByteus/autobyteus-workspace/actions/runs/33598210850
33598210842	iOS App Store Connect Release	completed	success	https://github.com/AutoByteus/autobyteus-workspace/actions/runs/33598210842
Pending workflows: 1
=== 2026-09-02T06:48:03Z ===
33598210915	Release Messaging Gateway	completed	success	https://github.com/AutoByteus/autobyteus-workspace/actions/runs/33598210915
33598210893	Desktop Release	completed	success	https://github.com/AutoByteus/autobyteus-workspace/actions/runs/33598210893
33598210875	Server Docker Release	in_progress		https://github.com/AutoByteus/autobyteus-workspace/actions/runs/33598210875
33598210850	Android APK Release	completed	success	https://github.com/AutoByteus/autobyteus-workspace/actions/runs/33598210850
33598210842	iOS App Store Connect Release	completed	success	https://github.com/AutoByteus/autobyteus-workspace/actions/runs/33598210842
Pending workflows: 1
=== 2026-09-02T06:48:35Z ===
33598210915	Release Messaging Gateway	completed	success	https://github.com/AutoByteus/autobyteus-workspace/actions/runs/33598210915
33598210893	Desktop Release	completed	success	https://github.com/AutoByteus/autobyteus-workspace/actions/runs/33598210893
33598210875	Server Docker Release	completed	success	https://github.com/AutoByteus/autobyteus-workspace/actions/runs/33598210875
33598210850	Android APK Release	completed	success	https://github.com/AutoByteus/autobyteus-workspace/actions/runs/33598210850
33598210842	iOS App Store Connect Release	completed	success	https://github.com/AutoByteus/autobyteus-workspace/actions/runs/33598210842
PASS: all release workflows completed successfully.
